Carga hardaware_usage
UTC: 2022-04-18T06:00:00 - 2022-04-18T12:00:00
CPU
seconds_to_refresh: 600
[node-201] min: 2022-04-18 06:14:58.840000-05:00 - max: 2022-04-18 11:59:48.841000-05:00
commit 24
Registros: 24
Memory usage
[node-201] min: 2022-04-18 06:14:58.840000-05:00 - max: 2022-04-18 11:59:48.841000-05:00
commit 24
Registros: 24
CPU
[node-202] min: 2022-04-18 06:14:48.161000-05:00 - max: 2022-04-18 11:59:48.160000-05:00
commit 24
Registros: 24
Memory usage
[node-202] min: 2022-04-18 06:14:48.161000-05:00 - max: 2022-04-18 11:59:48.160000-05:00
commit 24
Registros: 24
CPU
[node-123] min: 2022-04-18 06:14:58.500000-05:00 - max: 2022-04-18 11:59:48.506000-05:00
commit 24
Registros: 24
Memory usage
[node-123] min: 2022-04-18 06:14:58.500000-05:00 - max: 2022-04-18 11:59:48.506000-05:00
commit 24
Registros: 24
CPU
[node-124] min: 2022-04-18 06:14:49.083000-05:00 - max: 2022-04-18 11:59:49.107000-05:00
commit 24
Registros: 24
Memory usage
[node-124] min: 2022-04-18 06:14:49.083000-05:00 - max: 2022-04-18 11:59:49.107000-05:00
commit 24
Registros: 24
CPU
[node-125] min: 2022-04-18 06:14:48.987000-05:00 - max: 2022-04-18 11:59:50.551000-05:00
commit 24
Registros: 24
Memory usage
[node-125] min: 2022-04-18 06:14:48.987000-05:00 - max: 2022-04-18 11:59:50.551000-05:00
commit 24
Registros: 24
CPU
[node-126] min: 2022-04-18 06:14:48.664000-05:00 - max: 2022-04-18 11:59:48.681000-05:00
commit 24
Registros: 24
Memory usage
[node-126] min: 2022-04-18 06:14:48.664000-05:00 - max: 2022-04-18 11:59:48.681000-05:00
commit 24
Registros: 24
CPU
[node-127] min: 2022-04-18 06:14:49.060000-05:00 - max: 2022-04-18 11:59:49.054000-05:00
commit 24
Registros: 24
Memory usage
[node-127] min: 2022-04-18 06:14:49.060000-05:00 - max: 2022-04-18 11:59:49.054000-05:00
commit 24
Registros: 24
CPU
[node-128] min: 2022-04-18 06:14:58.236000-05:00 - max: 2022-04-18 11:59:48.217000-05:00
commit 24
Registros: 24
Memory usage
[node-128] min: 2022-04-18 06:14:58.236000-05:00 - max: 2022-04-18 11:59:48.217000-05:00
commit 24
Registros: 24
CPU
[node-181] min: 2022-04-18 06:14:48.331000-05:00 - max: 2022-04-18 11:59:48.313000-05:00
commit 24
Registros: 24
Memory usage
[node-181] min: 2022-04-18 06:14:48.331000-05:00 - max: 2022-04-18 11:59:48.313000-05:00
commit 24
Registros: 24
CPU
[node-182] min: 2022-04-18 06:14:48.880000-05:00 - max: 2022-04-18 11:59:58.878000-05:00
commit 24
Registros: 24
Memory usage
[node-182] min: 2022-04-18 06:14:48.880000-05:00 - max: 2022-04-18 11:59:58.878000-05:00
commit 24
Registros: 24
CPU
[node-183] min: 2022-04-18 06:14:48.275000-05:00 - max: 2022-04-18 11:59:48.282000-05:00
commit 24
Registros: 24
Memory usage
[node-183] min: 2022-04-18 06:14:48.275000-05:00 - max: 2022-04-18 11:59:48.282000-05:00
commit 24
Registros: 24
CPU
[node-184] min: 2022-04-18 06:14:49.038000-05:00 - max: 2022-04-18 11:59:48.965000-05:00
commit 24
Registros: 24
Memory usage
[node-184] min: 2022-04-18 06:14:49.038000-05:00 - max: 2022-04-18 11:59:48.965000-05:00
commit 24
Registros: 24
Fecha (inicio - fin) ejecucion (2022-04-18 12:15:02 - 2022-04-18 12:15:04)
Fecha inicio - fin: 18/04/2022 12:15:02 - 18/04/2022 12:15:04
